<T>
  <k>
    .
  </k>
  <state>
    <multisig-state>
      <users>
        <num-users>
          1
        </num-users>
        <user-id-to-address>
          1 |-> address ( 7 )
        </user-id-to-address>
        <address-to-user-id>
          address ( 7 ) |-> 1
        </address-to-user-id>
      </users>
      <board-state>
        <num-board-members>
          1
        </num-board-members>
        <quorum>
          1
        </quorum>
        <num-proposers>
          0
        </num-proposers>
        <user-roles>
          1 |-> BoardMember
        </user-roles>
      </board-state>
      <action-state>
        <action-last-index>
          1
        </action-last-index>
        <actions>
          <action-data>
            1 |-> AddProposer ( address ( 9 ) )
          </action-data>
          <action-signers>
            1 |-> [ ]
          </action-signers>
        </actions>
      </action-state>
    </multisig-state>
    <pseudocode-state>
      <variables>
        .Map
      </variables>
      <stack>
        .List
      </stack>
    </pseudocode-state>
    <external-call-env>
      <caller-address>
        uninitialized
      </caller-address>
    </external-call-env>
  </state>
</T>
